// Vitest Snapshot v1, https://vitest.dev/guide/snapshot.html

exports[`AllSongsList Component > renders correctly and matches snapshot 1`] = `
<DocumentFragment>
  <section
    class="songContainer"
  >
    <table
      class="songTable"
    >
      <tbody>
        <tr
          class="tableRow"
          tabindex="0"
        >
          <td
            class="title-artist-cell"
          >
            <span
              class="titleCell"
            >
              Song One
            </span>
            <span
              class="artistCell"
            >
              Artist One
            </span>
          </td>
          <td>
            2020
          </td>
          <td
            class="viewsCell"
          >
            <svg
              fill="currentColor"
              height="1em"
              stroke="currentColor"
              stroke-width="0"
              style="margin-right: 5px;"
              viewBox="0 0 576 512"
              width="1em"
              xmlns="http://www.w3.org/2000/svg"
            >
              <path
                d="M572.52 241.4C518.29 135.59 410.93 64 288 64S57.68 135.64 3.48 241.41a32.35 32.35 0 0 0 0 29.19C57.71 376.41 165.07 448 288 448s230.32-71.64 284.52-177.41a32.35 32.35 0 0 0 0-29.19zM288 400a144 144 0 1 1 144-144 143.93 143.93 0 0 1-144 144zm0-240a95.31 95.31 0 0 0-25.31 3.79 47.85 47.85 0 0 1-66.9 66.9A95.78 95.78 0 1 0 288 160z"
              />
            </svg>
            5K
          </td>
          <td
            class="plusMinusCell"
          >
            <button
              data-testid="plus-minus-button-1"
            >
              Add
            </button>
          </td>
          <td>
            <button
              data-testid="favorite-button-1"
            >
              Favorite
            </button>
          </td>
        </tr>
        <tr
          class="tableRow"
          tabindex="0"
        >
          <td
            class="title-artist-cell"
          >
            <span
              class="titleCell"
            >
              Song Two
            </span>
            <span
              class="artistCell"
            >
              Artist Two
            </span>
          </td>
          <td>
            2021
          </td>
          <td
            class="viewsCell"
          >
            <svg
              fill="currentColor"
              height="1em"
              stroke="currentColor"
              stroke-width="0"
              style="margin-right: 5px;"
              viewBox="0 0 576 512"
              width="1em"
              xmlns="http://www.w3.org/2000/svg"
            >
              <path
                d="M572.52 241.4C518.29 135.59 410.93 64 288 64S57.68 135.64 3.48 241.41a32.35 32.35 0 0 0 0 29.19C57.71 376.41 165.07 448 288 448s230.32-71.64 284.52-177.41a32.35 32.35 0 0 0 0-29.19zM288 400a144 144 0 1 1 144-144 143.93 143.93 0 0 1-144 144zm0-240a95.31 95.31 0 0 0-25.31 3.79 47.85 47.85 0 0 1-66.9 66.9A95.78 95.78 0 1 0 288 160z"
              />
            </svg>
            2K
          </td>
          <td
            class="plusMinusCell"
          >
            <button
              data-testid="plus-minus-button-2"
            >
              Add
            </button>
          </td>
          <td>
            <button
              data-testid="favorite-button-2"
            >
              Favorite
            </button>
          </td>
        </tr>
      </tbody>
    </table>
  </section>
</DocumentFragment>
`;
