// Vitest Snapshot v1, https://vitest.dev/guide/snapshot.html

exports[`DisplayPlaylist Component > renders correctly and matches snapshot 1`] = `
<DocumentFragment>
  <section
    aria-label="Details for playlist My Playlist"
    class="playlist-details"
  >
    <div
      class="playlist-details-container"
    >
      <header
        class="playlist-header"
      >
        <button
          class="back-button"
        >
          ‚ùÆ Go back
        </button>
        <button
          aria-label="Delete playlist"
          class="delete-playlist-button"
        >
          <svg
            fill="currentColor"
            height="1em"
            stroke="currentColor"
            stroke-width="0"
            viewBox="0 0 1024 1024"
            width="1em"
            xmlns="http://www.w3.org/2000/svg"
          >
            <path
              d="M360 184h-8c4.4 0 8-3.6 8-8v8h304v-8c0 4.4 3.6 8 8 8h-8v72h72v-80c0-35.3-28.7-64-64-64H352c-35.3 0-64 28.7-64 64v80h72v-72zm504 72H160c-17.7 0-32 14.3-32 32v32c0 4.4 3.6 8 8 8h60.4l24.7 523c1.6 34.1 29.8 61 63.9 61h454c34.2 0 62.3-26.8 63.9-61l24.7-523H888c4.4 0 8-3.6 8-8v-32c0-17.7-14.3-32-32-32zM731.3 840H292.7l-24.2-512h487l-24.2 512z"
            />
          </svg>
        </button>
      </header>
      <h1
        aria-label="Playlist name: My Playlist"
      >
        My Playlist üéµ
      </h1>
      <div
        aria-label="Songs in My Playlist"
        class="songs-container"
      >
        <section
          class="songContainer"
        >
          <table
            class="songTable"
          >
            <tbody>
              <tr
                class="tableRow"
                tabindex="0"
              >
                <td
                  class="title-artist-cell"
                >
                  <span
                    class="titleCell"
                  >
                    Song 1
                  </span>
                  <span
                    class="artistCell"
                  >
                    Artist 1
                  </span>
                </td>
                <td>
                  2020
                </td>
                <td
                  class="viewsCell"
                >
                  <svg
                    fill="currentColor"
                    height="1em"
                    stroke="currentColor"
                    stroke-width="0"
                    style="margin-right: 5px;"
                    viewBox="0 0 576 512"
                    width="1em"
                    xmlns="http://www.w3.org/2000/svg"
                  >
                    <path
                      d="M572.52 241.4C518.29 135.59 410.93 64 288 64S57.68 135.64 3.48 241.41a32.35 32.35 0 0 0 0 29.19C57.71 376.41 165.07 448 288 448s230.32-71.64 284.52-177.41a32.35 32.35 0 0 0 0-29.19zM288 400a144 144 0 1 1 144-144 143.93 143.93 0 0 1-144 144zm0-240a95.31 95.31 0 0 0-25.31 3.79 47.85 47.85 0 0 1-66.9 66.9A95.78 95.78 0 1 0 288 160z"
                    />
                  </svg>
                  1K
                </td>
                <td
                  class="plusMinusCell"
                >
                  <button
                    class="plusMinus-button"
                    data-label="Remove song"
                  >
                    <svg
                      color="#afc188"
                      fill="none"
                      height="1em"
                      stroke="currentColor"
                      stroke-linecap="round"
                      stroke-linejoin="round"
                      stroke-width="2"
                      style="color: rgb(175, 193, 136);"
                      viewBox="0 0 24 24"
                      width="1em"
                      xmlns="http://www.w3.org/2000/svg"
                    >
                      <circle
                        cx="12"
                        cy="12"
                        r="10"
                      />
                      <line
                        x1="8"
                        x2="16"
                        y1="12"
                        y2="12"
                      />
                    </svg>
                  </button>
                </td>
                <td>
                  <button
                    class="favoriteButton"
                    type="button"
                  >
                    <svg
                      aria-hidden="true"
                      class="svg-inline--fa fa-heart "
                      data-icon="heart"
                      data-prefix="far"
                      focusable="false"
                      role="img"
                      viewBox="0 0 512 512"
                      xmlns="http://www.w3.org/2000/svg"
                    >
                      <path
                        d="M225.8 468.2l-2.5-2.3L48.1 303.2C17.4 274.7 0 234.7 0 192.8l0-3.3c0-70.4 50-130.8 119.2-144C158.6 37.9 198.9 47 231 69.6c9 6.4 17.4 13.8 25 22.3c4.2-4.8 8.7-9.2 13.5-13.3c3.7-3.2 7.5-6.2 11.5-9c0 0 0 0 0 0C313.1 47 353.4 37.9 392.8 45.4C462 58.6 512 119.1 512 189.5l0 3.3c0 41.9-17.4 81.9-48.1 110.4L288.7 465.9l-2.5 2.3c-8.2 7.6-19 11.9-30.2 11.9s-22-4.2-30.2-11.9zM239.1 145c-.4-.3-.7-.7-1-1.1l-17.8-20-.1-.1s0 0 0 0c-23.1-25.9-58-37.7-92-31.2C81.6 101.5 48 142.1 48 189.5l0 3.3c0 28.5 11.9 55.8 32.8 75.2L256 430.7 431.2 268c20.9-19.4 32.8-46.7 32.8-75.2l0-3.3c0-47.3-33.6-88-80.1-96.9c-34-6.5-69 5.4-92 31.2c0 0 0 0-.1 .1s0 0-.1 .1l-17.8 20c-.3 .4-.7 .7-1 1.1c-4.5 4.5-10.6 7-16.9 7s-12.4-2.5-16.9-7z"
                        fill="currentColor"
                      />
                    </svg>
                  </button>
                </td>
              </tr>
            </tbody>
          </table>
        </section>
      </div>
    </div>
  </section>
</DocumentFragment>
`;
