// Vitest Snapshot v1, https://vitest.dev/guide/snapshot.html

exports[`Lyric Component > matches snapshot 1`] = `
<div>
  <div
    class="lyrics"
  >
    <div
      class="lyrics-header"
    >
      <button>
        Back
      </button>
      <div
        class="buttons-right-container"
      >
        <button>
          Favorite
        </button>
        <button>
          Plus/Minus
        </button>
      </div>
    </div>
    <h1>
      Test Song
    </h1>
    <h2>
      Test Artist
    </h2>
    <section
      class="songInfo"
    >
      <p>
        Release year: 
        2022
      </p>
      <p>
        Genre: 
        Pop
      </p>
      <div
        class="viewsInfo"
      >
        <svg
          fill="currentColor"
          height="1em"
          stroke="currentColor"
          stroke-width="0"
          style="margin-right: 5px;"
          viewBox="0 0 576 512"
          width="1em"
          xmlns="http://www.w3.org/2000/svg"
        >
          <path
            d="M572.52 241.4C518.29 135.59 410.93 64 288 64S57.68 135.64 3.48 241.41a32.35 32.35 0 0 0 0 29.19C57.71 376.41 165.07 448 288 448s230.32-71.64 284.52-177.41a32.35 32.35 0 0 0 0-29.19zM288 400a144 144 0 1 1 144-144 143.93 143.93 0 0 1-144 144zm0-240a95.31 95.31 0 0 0-25.31 3.79 47.85 47.85 0 0 1-66.9 66.9A95.78 95.78 0 1 0 288 160z"
          />
        </svg>
        <p>
          12,345
           Views
        </p>
      </div>
    </section>
    <hr />
    <p>
      <span>
        This is line 1
        <br />
      </span>
      <span>
        This is line 2
        <br />
      </span>
      <span>
        This is line 3
        <br />
      </span>
    </p>
  </div>
</div>
`;
